�Desea terminar el trabajo por lotes (S/N)?   console.warn
    Fallback a navegación directa (window.location) por error en navigate: Error: Navigate failed
        at C:\Users\lenovo\Desktop\futpro2.0\src\pages\__tests__\SeleccionCategoria.test.jsx:108:13
        at C:\Users\lenovo\Desktop\futpro2.0\node_modules\jest-mock\build\index.js:305:39
        at C:\Users\lenovo\Desktop\futpro2.0\node_modules\jest-mock\build\index.js:312:13
        at mockConstructor (C:\Users\lenovo\Desktop\futpro2.0\node_modules\jest-mock\build\index.js:102:19)
        at navigate (C:\Users\lenovo\Desktop\futpro2.0\src\pages\SeleccionCategoria.jsx:77:7)
        at HTMLUnknownElement.callCallback (C:\Users\lenovo\Desktop\futpro2.0\node_modules\react-dom\cjs\react-dom.development.js:4164:14)
        at HTMLUnknownElement.callTheUserObjectsOperation (C:\Users\lenovo\Desktop\futpro2.0\node_modules\jsdom\lib\jsdom\living\generated\EventListener.js:26:30)
        at innerInvokeEventListeners (C:\Users\lenovo\Desktop\futpro2.0\node_modules\jsdom\lib\jsdom\living\events\EventTarget-impl.js:350:25)
        at invokeEventListeners (C:\Users\lenovo\Desktop\futpro2.0\node_modules\jsdom\lib\jsdom\living\events\EventTarget-impl.js:286:3)
        at HTMLUnknownElementImpl._dispatch (C:\Users\lenovo\Desktop\futpro2.0\node_modules\jsdom\lib\jsdom\living\events\EventTarget-impl.js:233:9)
        at HTMLUnknownElementImpl.dispatchEvent (C:\Users\lenovo\Desktop\futpro2.0\node_modules\jsdom\lib\jsdom\living\events\EventTarget-impl.js:104:17)
        at HTMLUnknownElement.dispatchEvent (C:\Users\lenovo\Desktop\futpro2.0\node_modules\jsdom\lib\jsdom\living\generated\EventTarget.js:241:34)
        at Object.invokeGuardedCallbackDev (C:\Users\lenovo\Desktop\futpro2.0\node_modules\react-dom\cjs\react-dom.development.js:4213:16)
        at invokeGuardedCallback (C:\Users\lenovo\Desktop\futpro2.0\node_modules\react-dom\cjs\react-dom.development.js:4277:31)
        at invokeGuardedCallbackAndCatchFirstError (C:\Users\lenovo\Desktop\futpro2.0\node_modules\react-dom\cjs\react-dom.development.js:4291:25)
        at executeDispatch (C:\Users\lenovo\Desktop\futpro2.0\node_modules\react-dom\cjs\react-dom.development.js:9041:3)
        at processDispatchQueueItemsInOrder (C:\Users\lenovo\Desktop\futpro2.0\node_modules\react-dom\cjs\react-dom.development.js:9073:7)
        at processDispatchQueue (C:\Users\lenovo\Desktop\futpro2.0\node_modules\react-dom\cjs\react-dom.development.js:9086:5)
        at dispatchEventsForPlugins (C:\Users\lenovo\Desktop\futpro2.0\node_modules\react-dom\cjs\react-dom.development.js:9097:3)
        at C:\Users\lenovo\Desktop\futpro2.0\node_modules\react-dom\cjs\react-dom.development.js:9288:12
        at batchedUpdates$1 (C:\Users\lenovo\Desktop\futpro2.0\node_modules\react-dom\cjs\react-dom.development.js:26179:12)
        at batchedUpdates (C:\Users\lenovo\Desktop\futpro2.0\node_modules\react-dom\cjs\react-dom.development.js:3991:12)
        at dispatchEventForPluginEventSystem (C:\Users\lenovo\Desktop\futpro2.0\node_modules\react-dom\cjs\react-dom.development.js:9287:3)
        at dispatchEventWithEnableCapturePhaseSelectiveHydrationWithoutDiscreteEventReplay (C:\Users\lenovo\Desktop\futpro2.0\node_modules\react-dom\cjs\react-dom.development.js:6465:5)
        at dispatchEvent (C:\Users\lenovo\Desktop\futpro2.0\node_modules\react-dom\cjs\react-dom.development.js:6457:5)
        at dispatchDiscreteEvent (C:\Users\lenovo\Desktop\futpro2.0\node_modules\react-dom\cjs\react-dom.development.js:6430:5)
        at HTMLDivElement.callTheUserObjectsOperation (C:\Users\lenovo\Desktop\futpro2.0\node_modules\jsdom\lib\jsdom\living\generated\EventListener.js:26:30)
        at innerInvokeEventListeners (C:\Users\lenovo\Desktop\futpro2.0\node_modules\jsdom\lib\jsdom\living\events\EventTarget-impl.js:350:25)
        at invokeEventListeners (C:\Users\lenovo\Desktop\futpro2.0\node_modules\jsdom\lib\jsdom\living\events\EventTarget-impl.js:286:3)
        at HTMLButtonElementImpl._dispatch (C:\Users\lenovo\Desktop\futpro2.0\node_modules\jsdom\lib\jsdom\living\events\EventTarget-impl.js:233:9)
        at HTMLButtonElementImpl.dispatchEvent (C:\Users\lenovo\Desktop\futpro2.0\node_modules\jsdom\lib\jsdom\living\events\EventTarget-impl.js:104:17)
        at HTMLButtonElement.dispatchEvent (C:\Users\lenovo\Desktop\futpro2.0\node_modules\jsdom\lib\jsdom\living\generated\EventTarget.js:241:34)
        at C:\Users\lenovo\Desktop\futpro2.0\node_modules\@testing-library\dom\dist\events.js:19:20
        at C:\Users\lenovo\Desktop\futpro2.0\node_modules\@testing-library\react\dist\pure.js:108:16
        at C:\Users\lenovo\Desktop\futpro2.0\node_modules\@testing-library\react\dist\act-compat.js:48:24
        at act (C:\Users\lenovo\Desktop\futpro2.0\node_modules\react\cjs\react.development.js:2512:16)
        at C:\Users\lenovo\Desktop\futpro2.0\node_modules\@testing-library\react\dist\act-compat.js:47:25
        at Object.eventWrapper (C:\Users\lenovo\Desktop\futpro2.0\node_modules\@testing-library\react\dist\pure.js:107:28)
        at fireEvent (C:\Users\lenovo\Desktop\futpro2.0\node_modules\@testing-library\dom\dist\events.js:12:35)
        at Function.fireEvent.<computed> [as click] (C:\Users\lenovo\Desktop\futpro2.0\node_modules\@testing-library\dom\dist\events.js:110:36)
        at Function.fireEvent.<computed> [as click] (C:\Users\lenovo\Desktop\futpro2.0\node_modules\@testing-library\react\dist\fire-event.js:15:52)
        at click (C:\Users\lenovo\Desktop\futpro2.0\src\pages\__tests__\SeleccionCategoria.test.jsx:121:15)
        at Generator.call (C:\Users\lenovo\Desktop\futpro2.0\src\pages\__tests__\SeleccionCategoria.test.jsx:2:1)
        at Generator._invoke [as next] (C:\Users\lenovo\Desktop\futpro2.0\src\pages\__tests__\SeleccionCategoria.test.jsx:2:1)
        at asyncGeneratorStep (C:\Users\lenovo\Desktop\futpro2.0\src\pages\__tests__\SeleccionCategoria.test.jsx:2:1)
        at asyncGeneratorStep (C:\Users\lenovo\Desktop\futpro2.0\src\pages\__tests__\SeleccionCategoria.test.jsx:2:1)
        at _next (C:\Users\lenovo\Desktop\futpro2.0\src\pages\__tests__\SeleccionCategoria.test.jsx:2:1)
        at new Promise (<anonymous>)
        at Object.<anonymous> (C:\Users\lenovo\Desktop\futpro2.0\src\pages\__tests__\SeleccionCategoria.test.jsx:2:1)
        at Promise.finally.completed (C:\Users\lenovo\Desktop\futpro2.0\node_modules\jest-circus\build\jestAdapterInit.js:1557:28)
        at new Promise (<anonymous>)
        at callAsyncCircusFn (C:\Users\lenovo\Desktop\futpro2.0\node_modules\jest-circus\build\jestAdapterInit.js:1497:10)
        at _callCircusTest (C:\Users\lenovo\Desktop\futpro2.0\node_modules\jest-circus\build\jestAdapterInit.js:1007:40)
        at _runTest (C:\Users\lenovo\Desktop\futpro2.0\node_modules\jest-circus\build\jestAdapterInit.js:947:3)
        at C:\Users\lenovo\Desktop\futpro2.0\node_modules\jest-circus\build\jestAdapterInit.js:849:7
        at _runTestsForDescribeBlock (C:\Users\lenovo\Desktop\futpro2.0\node_modules\jest-circus\build\jestAdapterInit.js:862:11)
        at _runTestsForDescribeBlock (C:\Users\lenovo\Desktop\futpro2.0\node_modules\jest-circus\build\jestAdapterInit.js:857:11)
        at run (C:\Users\lenovo\Desktop\futpro2.0\node_modules\jest-circus\build\jestAdapterInit.js:761:3)
        at runAndTransformResultsToJestFormat (C:\Users\lenovo\Desktop\futpro2.0\node_modules\jest-circus\build\jestAdapterInit.js:1918:21)
        at jestAdapter (C:\Users\lenovo\Desktop\futpro2.0\node_modules\jest-circus\build\runner.js:101:19)
        at runTestInternal (C:\Users\lenovo\Desktop\futpro2.0\node_modules\jest-runner\build\index.js:275:16)
        at runTest (C:\Users\lenovo\Desktop\futpro2.0\node_modules\jest-runner\build\index.js:343:7)

    [0m [90m 105 |[39m       [36mreturn[39m[33m;[39m [90m// swallow[39m
     [90m 106 |[39m     }
    [31m[1m>[22m[39m[90m 107 |[39m     originalWarn[33m.[39mapply(console[33m,[39m args)[33m;[39m
     [90m     |[39m                  [31m[1m^[22m[39m
     [90m 108 |[39m   })[33m;[39m
     [90m 109 |[39m })[33m;[39m
     [90m 110 |[39m [90m// Polyfill global para setImmediate en entorno de test (Jest)[39m[0m

      at console.apply (jest.setup.js:107:18)
      at warn (src/pages/SeleccionCategoria.jsx:79:15)
      at HTMLUnknownElement.callCallback (node_modules/react-dom/cjs/react-dom.development.js:4164:14)
      at HTMLUnknownElement.callTheUserObjectsOperation (node_modules/jsdom/lib/jsdom/living/generated/EventListener.js:26:30)
      at innerInvokeEventListeners (node_modules/jsdom/lib/jsdom/living/events/EventTarget-impl.js:350:25)
      at invokeEventListeners (node_modules/jsdom/lib/jsdom/living/events/EventTarget-impl.js:286:3)
      at HTMLUnknownElementImpl._dispatch (node_modules/jsdom/lib/jsdom/living/events/EventTarget-impl.js:233:9)
      at HTMLUnknownElementImpl.dispatchEvent (node_modules/jsdom/lib/jsdom/living/events/EventTarget-impl.js:104:17)
      at HTMLUnknownElement.dispatchEvent (node_modules/jsdom/lib/jsdom/living/generated/EventTarget.js:241:34)
      at Object.invokeGuardedCallbackDev (node_modules/react-dom/cjs/react-dom.development.js:4213:16)
      at invokeGuardedCallback (node_modules/react-dom/cjs/react-dom.development.js:4277:31)
      at invokeGuardedCallbackAndCatchFirstError (node_modules/react-dom/cjs/react-dom.development.js:4291:25)
      at executeDispatch (node_modules/react-dom/cjs/react-dom.development.js:9041:3)
      at processDispatchQueueItemsInOrder (node_modules/react-dom/cjs/react-dom.development.js:9073:7)
      at processDispatchQueue (node_modules/react-dom/cjs/react-dom.development.js:9086:5)
      at dispatchEventsForPlugins (node_modules/react-dom/cjs/react-dom.development.js:9097:3)
      at node_modules/react-dom/cjs/react-dom.development.js:9288:12
      at batchedUpdates$1 (node_modules/react-dom/cjs/react-dom.development.js:26179:12)
      at batchedUpdates (node_modules/react-dom/cjs/react-dom.development.js:3991:12)
      at dispatchEventForPluginEventSystem (node_modules/react-dom/cjs/react-dom.development.js:9287:3)
      at dispatchEventWithEnableCapturePhaseSelectiveHydrationWithoutDiscreteEventReplay (node_modules/react-dom/cjs/react-dom.development.js:6465:5)
      at dispatchEvent (node_modules/react-dom/cjs/react-dom.development.js:6457:5)
      at dispatchDiscreteEvent (node_modules/react-dom/cjs/react-dom.development.js:6430:5)
      at HTMLDivElement.callTheUserObjectsOperation (node_modules/jsdom/lib/jsdom/living/generated/EventListener.js:26:30)
      at innerInvokeEventListeners (node_modules/jsdom/lib/jsdom/living/events/EventTarget-impl.js:350:25)
      at invokeEventListeners (node_modules/jsdom/lib/jsdom/living/events/EventTarget-impl.js:286:3)
      at HTMLButtonElementImpl._dispatch (node_modules/jsdom/lib/jsdom/living/events/EventTarget-impl.js:233:9)
      at HTMLButtonElementImpl.dispatchEvent (node_modules/jsdom/lib/jsdom/living/events/EventTarget-impl.js:104:17)
      at HTMLButtonElement.dispatchEvent (node_modules/jsdom/lib/jsdom/living/generated/EventTarget.js:241:34)
      at node_modules/@testing-library/dom/dist/events.js:19:20
      at node_modules/@testing-library/react/dist/pure.js:108:16
      at node_modules/@testing-library/react/dist/act-compat.js:48:24
      at act (node_modules/react/cjs/react.development.js:2512:16)
      at node_modules/@testing-library/react/dist/act-compat.js:47:25
      at Object.eventWrapper (node_modules/@testing-library/react/dist/pure.js:107:28)
      at fireEvent (node_modules/@testing-library/dom/dist/events.js:12:35)
      at Function.fireEvent.<computed> [as click] (node_modules/@testing-library/dom/dist/events.js:110:36)
      at Function.fireEvent.<computed> [as click] (node_modules/@testing-library/react/dist/fire-event.js:15:52)
      at click (src/pages/__tests__/SeleccionCategoria.test.jsx:121:15)
      at Generator.call (src/pages/__tests__/SeleccionCategoria.test.jsx:2:1)
      at Generator._invoke [as next] (src/pages/__tests__/SeleccionCategoria.test.jsx:2:1)
      at asyncGeneratorStep (src/pages/__tests__/SeleccionCategoria.test.jsx:2:1)
      at asyncGeneratorStep (src/pages/__tests__/SeleccionCategoria.test.jsx:2:1)
      at _next (src/pages/__tests__/SeleccionCategoria.test.jsx:2:1)
      at Object.<anonymous> (src/pages/__tests__/SeleccionCategoria.test.jsx:2:1)

FAIL frontend src/pages/__tests__/SeleccionCategoria.test.jsx (36.333 s)
  SeleccionCategoria - Flujo de Navegación
    × debería renderizar el componente con todas las categorías (1326 ms)
    √ debería mostrar botón deshabilitado si no hay categoría seleccionada (1347 ms)
    √ debería habilitar botón al seleccionar una categoría (725 ms)
    √ debería guardar categoría en localStorage al seleccionar (405 ms)
    √ debería navegar a formulario-registro con categoría en query param (489 ms)
    × debería usar fallback window.location.href si navigate falla (2142 ms)
    × debería aplicar estilos activos a la categoría seleccionada (307 ms)
    √ debería detectar categoría desde query params al montar (17 ms)
    √ debería detectar categoría desde location.state al montar (118 ms)
    √ debería permitir volver atrás usando el botón de retroceso (147 ms)
    √ debería manejar múltiples cambios de selección correctamente (2662 ms)

  ● SeleccionCategoria - Flujo de Navegación › debería renderizar el componente con todas las categorías

    TestingLibraryElementError: Found multiple elements with the text: /Femenina/i

    Here are the matching elements:

    Ignored nodes: comments, script, style
    [36m<button[39m
      [33mstyle[39m=[32m"width: 100%; padding: 14px; background: linear-gradient(135deg,#2a2a2a,#1a1a1a); color: rgb(238, 238, 238); border: 1px solid rgb(51, 51, 51); border-radius: 10px; font-weight: 700; cursor: pointer; box-shadow: none; transition: all .25s;"[39m
    [36m>[39m
      [0mInfantil Femenina[0m
    [36m</button>[39m

    Ignored nodes: comments, script, style
    [36m<button[39m
      [33mstyle[39m=[32m"width: 100%; padding: 14px; background: linear-gradient(135deg,#2a2a2a,#1a1a1a); color: rgb(238, 238, 238); border: 1px solid rgb(51, 51, 51); border-radius: 10px; font-weight: 700; cursor: pointer; box-shadow: none; transition: all .25s;"[39m
    [36m>[39m
      [0mFemenina[0m
    [36m</button>[39m

    (If this is intentional, then use the `*AllBy*` variant of the query (like `queryAllByText`, `getAllByText`, or `findAllByText`)).

    Ignored nodes: comments, script, style
    [36m<body>[39m
      [36m<div>[39m
        [36m<div[39m
          [33mstyle[39m=[32m"min-height: 100vh; background: rgb(11, 11, 11); display: flex; align-items: center; justify-content: center; padding: 16px;"[39m
        [36m>[39m
          [36m<div[39m
            [33mstyle[39m=[32m"width: 100%; max-width: 520px; background: rgb(18, 18, 18); border: 2px solid rgb(255, 215, 0); border-radius: 16px; padding: 20px;"[39m
          [36m>[39m
            [36m<h1[39m
              [33mstyle[39m=[32m"color: rgb(255, 215, 0); margin: 0px 0px 8px 0px; text-align: center;"[39m
            [36m>[39m
              [0mSelecciona tu categoría[0m
            [36m</h1>[39m
            [36m<p[39m
              [33mstyle[39m=[32m"color: rgb(187, 187, 187); margin-top: 0px; text-align: center;"[39m
            [36m>[39m
              [0mUsaremos esta información para crear tu perfil, tu card y activar el autoguardado.[0m
            [36m</p>[39m
            [36m<div[39m
              [33mstyle[39m=[32m"display: grid; gap: 12px; margin-top: 16px;"[39m
            [36m>[39m
              [36m<button[39m
                [33mstyle[39m=[32m"width: 100%; padding: 14px; background: linear-gradient(135deg,#2a2a2a,#1a1a1a); color: rgb(238, 238, 238); border: 1px solid rgb(51, 51, 51); border-radius: 10px; font-weight: 700; cursor: pointer; box-shadow: none; transition: all .25s;"[39m
              [36m>[39m
                [0mInfantil Femenina[0m
              [36m</button>[39m
              [36m<button[39m
                [33mstyle[39m=[32m"width: 100%; padding: 14px; background: linear-gradient(135deg,#2a2a2a,#1a1a1a); color: rgb(238, 238, 238); border: 1px solid rgb(51, 51, 51); border-radius: 10px; font-weight: 700; cursor: pointer; box-shadow: none; transition: all .25s;"[39m
              [36m>[39m
                [0mInfantil Masculina[0m
              [36m</button>[39m
              [36m<button[39m
                [33mstyle[39m=[32m"width: 100%; padding: 14px; background: linear-gradient(135deg,#2a2a2a,#1a1a1a); color: rgb(238, 238, 238); border: 1px solid rgb(51, 51, 51); border-radius: 10px; font-weight: 700; cursor: pointer; box-shadow: none; transition: all .25s;"[39m
              [36m>[39m
                [0mFemenina[0m
              [36m</button>[39m
              [36m<button[39m
                [33mstyle[39m=[32m"width: 100%; padding: 14px; background: linear-gradient(135deg,#2a2a2a,#1a1a1a); color: rgb(238, 238, 238); border: 1px solid rgb(51, 51, 51); border-radius: 10px; font-weight: 700; cursor: pointer; box-shadow: none; transition: all .25s;"[39m
              [36m>[39m
                [0mMasculina[0m
              [36m</button>[39m
            [36m</div>[39m
            [36m<div[39m
              [33mstyle[39m=[32m"margin-top: 20px; text-align: center;"[39m
            [36m>[39m
              [36m<button[39m
                [33mdisabled[39m=[32m""[39m
                [33mstyle[39m=[32m"width: 100%; padding: 16px; background: rgb(51, 51, 51); color: rgb(119, 119, 119); font-weight: 800; border-radius: 12px; cursor: not-allowed; opacity: 1; transition: background .3s;"[39m
              [36m>[39m
                [0mSelecciona una categoría[0m
              [36m</button>[39m
            [36m</div>[39m
            [36m<div[39m
              [33mstyle[39m=[32m"margin-top: 16px; text-align: center;"[39m
            [36m>[39m
              [36m<button[39m
                [33mstyle[39m=[32m"background: transparent; color: rgb(255, 215, 0); text-decoration: underline; cursor: pointer;"[39m
              [36m>[39m
                [0mVolver[0m
              [36m</button>[39m
            [36m</div>[39m
          [36m</div>[39m
        [36m</div>[39m
      [36m</div>[39m
    [36m</body>[39m

    [0m [90m 32 |[39m     expect(screen[33m.[39mgetByText([35m/Infantil Femenina/i[39m))[33m.[39mtoBeInTheDocument()[33m;[39m
     [90m 33 |[39m     expect(screen[33m.[39mgetByText([35m/Infantil Masculina/i[39m))[33m.[39mtoBeInTheDocument()[33m;[39m
    [31m[1m>[22m[39m[90m 34 |[39m     expect(screen[33m.[39mgetByText([35m/Femenina/i[39m))[33m.[39mtoBeInTheDocument()[33m;[39m
     [90m    |[39m                   [31m[1m^[22m[39m
     [90m 35 |[39m     expect(screen[33m.[39mgetByText([35m/Masculina/i[39m))[33m.[39mtoBeInTheDocument()[33m;[39m
     [90m 36 |[39m   })[33m;[39m
     [90m 37 |[39m[0m

      at Object.getElementError (node_modules/@testing-library/dom/dist/config.js:37:19)
      at getElementError (node_modules/@testing-library/dom/dist/query-helpers.js:20:35)
      at getMultipleElementsFoundError (node_modules/@testing-library/dom/dist/query-helpers.js:23:10)
      at node_modules/@testing-library/dom/dist/query-helpers.js:55:13
      at node_modules/@testing-library/dom/dist/query-helpers.js:95:19
      at Object.getByText (src/pages/__tests__/SeleccionCategoria.test.jsx:34:19)

  ● SeleccionCategoria - Flujo de Navegación › debería usar fallback window.location.href si navigate falla

    expect(received).toBe(expected) // Object.is equality

    Expected: "/formulario-registro?categoria=femenina"
    Received: "http://localhost/"

    Ignored nodes: comments, script, style
    [36m<html>[39m
      [36m<head />[39m
      [36m<body>[39m
        [36m<div>[39m
          [36m<div[39m
            [33mstyle[39m=[32m"min-height: 100vh; background: rgb(11, 11, 11); display: flex; align-items: center; justify-content: center; padding: 16px;"[39m
          [36m>[39m
            [36m<div[39m
              [33mstyle[39m=[32m"width: 100%; max-width: 520px; background: rgb(18, 18, 18); border: 2px solid rgb(255, 215, 0); border-radius: 16px; padding: 20px;"[39m
            [36m>[39m
              [36m<h1[39m
                [33mstyle[39m=[32m"color: rgb(255, 215, 0); margin: 0px 0px 8px 0px; text-align: center;"[39m
              [36m>[39m
                [0mSelecciona tu categoría[0m
              [36m</h1>[39m
              [36m<p[39m
                [33mstyle[39m=[32m"color: rgb(187, 187, 187); margin-top: 0px; text-align: center;"[39m
              [36m>[39m
                [0mUsaremos esta información para crear tu perfil, tu card y activar el autoguardado.[0m
              [36m</p>[39m
              [36m<div[39m
                [33mstyle[39m=[32m"display: grid; gap: 12px; margin-top: 16px;"[39m
              [36m>[39m
                [36m<button[39m
                  [33mstyle[39m=[32m"width: 100%; padding: 14px; background: linear-gradient(135deg,#2a2a2a,#1a1a1a); color: rgb(238, 238, 238); border: 1px solid rgb(51, 51, 51); border-radius: 10px; font-weight: 700; cursor: pointer; box-shadow: none; transition: all .25s;"[39m
                [36m>[39m
                  [0mInfantil Femenina[0m
                [36m</button>[39m
                [36m<button[39m
                  [33mstyle[39m=[32m"width: 100%; padding: 14px; background: linear-gradient(135deg,#2a2a2a,#1a1a1a); color: rgb(238, 238, 238); border: 1px solid rgb(51, 51, 51); border-radius: 10px; font-weight: 700; cursor: pointer; box-shadow: none; transition: all .25s;"[39m
                [36m>[39m
                  [0mInfantil Masculina[0m
                [36m</button>[39m
                [36m<button[39m
                  [33mstyle[39m=[32m"width: 100%; padding: 14px; color: rgb(0, 0, 0); border-radius: 10px; font-weight: 700; cursor: pointer; box-shadow: 0 0 12px rgba(255,215,0,0.5); transition: all .25s; background: linear-gradient(135deg,#FFD700,#c49c00); border: 2px solid rgb(255, 215, 0);"[39m
                [36m>[39m
                  [0mFemenina[0m
                [36m</button>[39m
                [36m<button[39m
                  [33mstyle[39m=[32m"width: 100%; padding: 14px; background: linear-gradient(135deg,#2a2a2a,#1a1a1a); color: rgb(238, 238, 238); border: 1px solid rgb(51, 51, 51); border-radius: 10px; font-weight: 700; cursor: pointer; box-shadow: none; transition: all .25s;"[39m
                [36m>[39m
                  [0mMasculina[0m
                [36m</button>[39m
              [36m</div>[39m
              [36m<div[39m
                [33mstyle[39m=[32m"margin-top: 20px; text-align: center;"[39m
              [36m>[39m
                [36m<button[39m
                  [33mdisabled[39m=[32m""[39m
                  [33mstyle[39m=[32m"width: 100%; padding: 16px; color: rgb(0, 0, 0); font-weight: 800; border-radius: 12px; cursor: pointer; opacity: 0.7; transition: background .3s; background: rgb(255, 215, 0);"[39m
                [36m>[39m
                  [0mCrear usuario con categoría seleccionada[0m
                [36m</button>[39m
              [36m</div>[39m
              [36m<div[39m
                [33mstyle[39m=[32m"margin-top: 16px; text-align: center;"[39m
              [36m>[39m
                [36m<button[39m
                  [33mstyle[39m=[32m"background: transparent; color: rgb(255, 215, 0); text-decoration: underline; cursor: pointer;"[39m
                [36m>[39m
                  [0mVolver[0m
                [36m</button>[39m
              [36m</div>[39m
            [36m</div>[39m
          [36m</div>[39m
        [36m</div>[39m
      [36m</body>[39m
    [36m</html>[39m

    [0m [90m 122 |[39m
     [90m 123 |[39m     [36mawait[39m waitFor(() [33m=>[39m {
    [31m[1m>[22m[39m[90m 124 |[39m       expect(window[33m.[39mlocation[33m.[39mhref)[33m.[39mtoBe([32m'/formulario-registro?categoria=femenina'[39m)[33m;[39m
     [90m     |[39m                                    [31m[1m^[22m[39m
     [90m 125 |[39m     })[33m;[39m
     [90m 126 |[39m   })[33m;[39m
     [90m 127 |[39m[0m

      at toBe (src/pages/__tests__/SeleccionCategoria.test.jsx:124:36)
      at runWithExpensiveErrorDiagnosticsDisabled (node_modules/@testing-library/dom/dist/config.js:47:12)
      at checkCallback (node_modules/@testing-library/dom/dist/wait-for.js:124:77)
      at checkRealTimersCallback (node_modules/@testing-library/dom/dist/wait-for.js:118:16)
      at Timeout.task [as _onTimeout] (node_modules/jsdom/lib/jsdom/browser/Window.js:579:19)

  ● SeleccionCategoria - Flujo de Navegación › debería aplicar estilos activos a la categoría seleccionada

    expect(element).toHaveStyle()

    - Expected
    + Received

    - background: ;
    + background: linear-gradient(135deg,#FFD700,#c49c00);

    [0m [90m 137 |[39m
     [90m 138 |[39m     [90m// Verificar que el botón tiene estilos de "activo"[39m
    [31m[1m>[22m[39m[90m 139 |[39m     expect(categoriaButton)[33m.[39mtoHaveStyle({
     [90m     |[39m                             [31m[1m^[22m[39m
     [90m 140 |[39m       background[33m:[39m expect[33m.[39mstringContaining([32m'linear-gradient'[39m)
     [90m 141 |[39m     })[33m;[39m
     [90m 142 |[39m   })[33m;[39m[0m

      at Object.toHaveStyle (src/pages/__tests__/SeleccionCategoria.test.jsx:139:29)

Test Suites: 1 failed, 1 total
Tests:       3 failed, 8 passed, 11 total
Snapshots:   0 total
Time:        69.482 s
Ran all test suites matching src/pages/__tests__/SeleccionCategoria.test.jsx.
